<?xml version="1.0" encoding="utf-8"?><testsuites name="pytest tests"><testsuite name="pytest" errors="0" failures="0" skipped="0" tests="366" time="19.429" timestamp="2025-07-31T17:44:58.704209+07:00" hostname="Porramates-MacBook-Pro.local"><testcase classname="tests.test_chaos.TestNetworkInterruption" name="test_network_interruption" time="0.116" /><testcase classname="tests.test_chaos.TestNetworkInterruption" name="test_network_failure_resilience" time="0.120" /><testcase classname="tests.test_chaos.TestNetworkInterruption" name="test_component_failure_handling" time="0.121" /><testcase classname="tests.test_chaos.TestNetworkInterruption" name="test_concurrent_failure_handling" time="0.123" /><testcase classname="tests.test_chaos.TestResourceExhaustion" name="test_resource_exhaustion" time="0.120" /><testcase classname="tests.test_chaos.TestResourceExhaustion" name="test_memory_pressure_handling" time="0.116" /><testcase classname="tests.test_chaos.TestResourceExhaustion" name="test_concurrent_resource_usage" time="0.130" /><testcase classname="tests.test_chaos.TestResourceExhaustion" name="test_corrupted_data_handling" time="0.122" /><testcase classname="tests.test_chaos.TestExternalDependencyFailures" name="test_external_dependency_failures" time="0.120" /><testcase classname="tests.test_chaos.TestExternalDependencyFailures" name="test_krr_dependency_resilience" time="0.124" /><testcase classname="tests.test_chaos.TestExternalDependencyFailures" name="test_kubectl_dependency_resilience" time="0.121" /><testcase classname="tests.test_chaos.TestExternalDependencyFailures" name="test_prometheus_dependency_resilience" time="0.116" /><testcase classname="tests.test_chaos.TestCorruptedDataHandling" name="test_malformed_recommendation_handling" time="0.119" /><testcase classname="tests.test_chaos.TestCorruptedDataHandling" name="test_invalid_configuration_handling" time="0.014" /><testcase classname="tests.test_chaos.TestRaceConditions" name="test_concurrent_token_usage" time="0.113" /><testcase classname="tests.test_chaos.TestRaceConditions" name="test_rapid_sequential_operations" time="0.131" /><testcase classname="tests.test_chaos.TestRandomizedFailures" name="test_random_component_stress" time="0.183" /><testcase classname="tests.test_chaos.TestRandomizedFailures" name="test_randomized_configuration_stress" time="0.029" /><testcase classname="tests.test_coverage_analysis.TestCoverageAnalysis" name="test_coverage_requirements_met" time="0.001" /><testcase classname="tests.test_coverage_analysis.TestCoverageAnalysis" name="test_safety_critical_coverage_completeness" time="0.001" /><testcase classname="tests.test_coverage_analysis.TestCoverageAnalysis" name="test_integration_coverage_scenarios" time="0.000" /><testcase classname="tests.test_coverage_analysis.TestCoverageAnalysis" name="test_performance_coverage_scenarios" time="0.000" /><testcase classname="tests.test_coverage_analysis.TestCoverageAnalysis" name="test_chaos_coverage_scenarios" time="0.000" /><testcase classname="tests.test_coverage_analysis.TestMetricsCollector" name="test_execution_time_tracking" time="0.000" /><testcase classname="tests.test_coverage_analysis.TestMetricsCollector" name="test_failure_pattern_analysis" time="0.000" /><testcase classname="tests.test_coverage_analysis.TestMetricsCollector" name="test_coverage_trend_tracking" time="0.000" /><testcase classname="tests.test_coverage_analysis.TestCoverageReporting" name="test_generate_html_coverage_report" time="0.001" /><testcase classname="tests.test_coverage_analysis.TestCoverageReporting" name="test_generate_xml_coverage_report" time="0.000" /><testcase classname="tests.test_coverage_analysis.TestCoverageReporting" name="test_coverage_badge_generation" time="0.000" /><testcase classname="tests.test_coverage_analysis.TestQualityGates" name="test_safety_critical_quality_gate" time="0.000" /><testcase classname="tests.test_coverage_analysis.TestQualityGates" name="test_integration_quality_gate" time="0.000" /><testcase classname="tests.test_coverage_analysis.TestQualityGates" name="test_performance_quality_gate" time="0.000" /><testcase classname="tests.test_coverage_analysis.TestQualityGates" name="test_overall_quality_gate" time="0.000" /><testcase classname="tests.test_documentation_generator.TestToolDocumentationGenerator" name="test_generator_initialization" time="0.002" /><testcase classname="tests.test_documentation_generator.TestToolDocumentationGenerator" name="test_extract_tools_info" time="0.003" /><testcase classname="tests.test_documentation_generator.TestToolDocumentationGenerator" name="test_generate_safety_documentation" time="0.002" /><testcase classname="tests.test_documentation_generator.TestToolDocumentationGenerator" name="test_generate_usage_examples" time="0.002" /><testcase classname="tests.test_documentation_generator.TestToolDocumentationGenerator" name="test_generate_error_codes_documentation" time="0.001" /><testcase classname="tests.test_documentation_generator.TestToolDocumentationGenerator" name="test_generate_full_documentation" time="0.008" /><testcase classname="tests.test_documentation_generator.TestToolDocumentationGenerator" name="test_write_markdown_documentation" time="0.007" /><testcase classname="tests.test_documentation_generator.TestToolDocumentationGenerator" name="test_write_json_documentation" time="0.007" /><testcase classname="tests.test_documentation_generator.TestToolDocumentationGenerator" name="test_write_openapi_specification" time="0.006" /><testcase classname="tests.test_documentation_generator.TestToolDocumentationGenerator" name="test_generate_markdown_content" time="0.006" /><testcase classname="tests.test_documentation_generator.TestToolDocumentationGenerator" name="test_convert_parameters_to_openapi" time="0.001" /><testcase classname="tests.test_health_check.TestHealthCheck" name="test_server_components_initialization" time="0.211" /><testcase classname="tests.test_health_check.TestHealthCheck" name="test_health_check_components_status" time="0.220" /><testcase classname="tests.test_health_check.TestHealthCheck" name="test_overall_health_status_logic" time="0.228" /><testcase classname="tests.test_health_check.TestHealthCheck" name="test_server_not_running_status" time="0.221" /><testcase classname="tests.test_health_check.TestHealthCheck" name="test_configuration_values" time="0.262" /><testcase classname="tests.test_health_check.TestHealthCheck" name="test_health_check_tool_registered" time="0.224" /><testcase classname="tests.test_health_check.TestHealthCheck" name="test_timestamp_generation" time="0.239" /><testcase classname="tests.test_integration_cluster.TestClusterIntegration" name="test_cluster_connectivity" time="0.130" /><testcase classname="tests.test_integration_cluster.TestClusterIntegration" name="test_real_kubectl_resource_update" time="0.075" /><testcase classname="tests.test_integration_cluster.TestClusterIntegration" name="test_real_staged_rollout" time="0.065" /><testcase classname="tests.test_integration_cluster.TestClusterIntegration" name="test_post_execution_validation" time="0.037" /><testcase classname="tests.test_integration_cluster.TestClusterIntegration" name="test_rollback_functionality" time="0.067" /><testcase classname="tests.test_integration_cluster.TestClusterIntegration" name="test_error_handling_with_invalid_resource" time="0.042" /><testcase classname="tests.test_integration_cluster.TestClusterIntegration" name="test_dry_run_functionality" time="0.072" /><testcase classname="tests.test_integration_cluster.TestKrrIntegration" name="test_krr_with_real_cluster" time="0.001" /><testcase classname="tests.test_integration_workflows.TestFullRecommendationWorkflow" name="test_complete_workflow_components" time="0.112" /><testcase classname="tests.test_integration_workflows.TestFullRecommendationWorkflow" name="test_safety_validation_workflow" time="0.116" /><testcase classname="tests.test_integration_workflows.TestFullRecommendationWorkflow" name="test_token_lifecycle_workflow" time="0.118" /><testcase classname="tests.test_integration_workflows.TestFullRecommendationWorkflow" name="test_rollback_capability_components" time="0.118" /><testcase classname="tests.test_integration_workflows.TestConcurrentWorkflows" name="test_concurrent_scans" time="0.117" /><testcase classname="tests.test_integration_workflows.TestConcurrentWorkflows" name="test_concurrent_confirmations" time="0.117" /><testcase classname="tests.test_integration_workflows.TestErrorRecoveryWorkflows" name="test_component_error_recovery" time="0.119" /><testcase classname="tests.test_integration_workflows.TestErrorRecoveryWorkflows" name="test_error_handling_configuration" time="0.123" /><testcase classname="tests.test_integration_workflows.TestErrorRecoveryWorkflows" name="test_mock_mode_safety" time="0.121" /><testcase classname="tests.test_integration_workflows.TestAuditTrailIntegration" name="test_audit_logging_components" time="0.116" /><testcase classname="tests.test_integration_workflows.TestAuditTrailIntegration" name="test_audit_trail_configuration" time="0.114" /><testcase classname="tests.test_integration_workflows.TestSafetyWorkflows" name="test_safety_components_availability" time="0.117" /><testcase classname="tests.test_integration_workflows.TestSafetyWorkflows" name="test_safety_validation_models" time="0.118" /><testcase classname="tests.test_integration_workflows.TestSafetyWorkflows" name="test_extreme_change_detection_logic" time="0.123" /><testcase classname="tests.test_integration_workflows.TestSafetyWorkflows" name="test_token_security_components" time="0.124" /><testcase classname="tests.test_krr_client.TestKrrClientInitialization" name="test_initialization_defaults" time="0.001" /><testcase classname="tests.test_krr_client.TestKrrClientInitialization" name="test_initialization_with_parameters" time="0.001" /><testcase classname="tests.test_krr_client.TestKrrClientInitialization" name="test_krr_availability_verification_mock_mode" time="0.103" /><testcase classname="tests.test_krr_client.TestKrrClientInitialization" name="test_krr_not_found_error" time="0.004" /><testcase classname="tests.test_krr_client.TestKrrClientInitialization" name="test_krr_version_check" time="0.003" /><testcase classname="tests.test_krr_client.TestKrrClientInitialization" name="test_krr_version_incompatible" time="0.002" /><testcase classname="tests.test_krr_client.TestScanRecommendations" name="test_scan_recommendations_basic" time="0.002" /><testcase classname="tests.test_krr_client.TestScanRecommendations" name="test_scan_recommendations_with_filters" time="0.001" /><testcase classname="tests.test_krr_client.TestScanRecommendations" name="test_scan_recommendations_all_strategies" time="0.001" /><testcase classname="tests.test_krr_client.TestScanRecommendations" name="test_scan_recommendations_multiple_namespaces" time="0.001" /><testcase classname="tests.test_krr_client.TestScanRecommendations" name="test_scan_recommendations_with_history_duration" time="0.001" /><testcase classname="tests.test_krr_client.TestKrrCommandExecution" name="test_execute_krr_command_success" time="0.001" /><testcase classname="tests.test_krr_client.TestKrrCommandExecution" name="test_execute_krr_command_with_context" time="0.001" /><testcase classname="tests.test_krr_client.TestKrrCommandExecution" name="test_execute_krr_command_timeout" time="0.002" /><testcase classname="tests.test_krr_client.TestKrrCommandExecution" name="test_execute_krr_command_error" time="0.002" /><testcase classname="tests.test_krr_client.TestKrrOutputParsing" name="test_parse_krr_output_basic" time="0.002" /><testcase classname="tests.test_krr_client.TestKrrOutputParsing" name="test_parse_krr_output_with_recommendations" time="0.001" /><testcase classname="tests.test_krr_client.TestKrrOutputParsing" name="test_parse_krr_output_malformed_json" time="0.001" /><testcase classname="tests.test_krr_client.TestKrrOutputParsing" name="test_parse_krr_output_empty_scans" time="0.001" /><testcase classname="tests.test_krr_client.TestCaching" name="test_cache_hit" time="0.001" /><testcase classname="tests.test_krr_client.TestCaching" name="test_cache_miss_different_parameters" time="0.001" /><testcase classname="tests.test_krr_client.TestCaching" name="test_cache_expiration" time="0.155" /><testcase classname="tests.test_krr_client.TestCaching" name="test_cached_scan_result_expiration" time="0.001" /><testcase classname="tests.test_krr_client.TestMockResponseGeneration" name="test_generate_mock_scan_result" time="0.002" /><testcase classname="tests.test_krr_client.TestMockResponseGeneration" name="test_mock_recommendations_structure" time="0.002" /><testcase classname="tests.test_krr_client.TestMockResponseGeneration" name="test_mock_multiple_namespaces" time="0.001" /><testcase classname="tests.test_krr_client.TestMockResponseGeneration" name="test_mock_different_strategies" time="0.001" /><testcase classname="tests.test_krr_client.TestErrorHandling" name="test_krr_not_found_handling" time="0.002" /><testcase classname="tests.test_krr_client.TestErrorHandling" name="test_prometheus_connection_error" time="0.002" /><testcase classname="tests.test_krr_client.TestErrorHandling" name="test_kubernetes_context_error" time="0.002" /><testcase classname="tests.test_krr_client.TestErrorHandling" name="test_execution_error_handling" time="0.002" /><testcase classname="tests.test_krr_client.TestErrorHandling" name="test_invalid_json_parsing" time="0.002" /><testcase classname="tests.test_krr_client.TestFilteringAndSorting" name="test_namespace_filtering" time="0.001" /><testcase classname="tests.test_krr_client.TestFilteringAndSorting" name="test_object_kind_filtering" time="0.001" /><testcase classname="tests.test_krr_client.TestFilteringAndSorting" name="test_severity_filtering" time="0.001" /><testcase classname="tests.test_krr_client.TestFilteringAndSorting" name="test_multiple_filters" time="0.001" /><testcase classname="tests.test_krr_client.TestConfigurationHandling" name="test_kubeconfig_path_handling" time="0.000" /><testcase classname="tests.test_krr_client.TestConfigurationHandling" name="test_kubernetes_context_handling" time="0.000" /><testcase classname="tests.test_krr_client.TestConfigurationHandling" name="test_prometheus_url_configuration" time="0.000" /><testcase classname="tests.test_krr_client.TestConfigurationHandling" name="test_cache_ttl_configuration" time="0.000" /><testcase classname="tests.test_krr_client.TestConfigurationHandling" name="test_mock_mode_configuration" time="0.000" /><testcase classname="tests.test_krr_client.TestRecommendationAnalysis" name="test_recommendation_impact_calculation" time="0.001" /><testcase classname="tests.test_krr_client.TestRecommendationAnalysis" name="test_scan_result_summary_calculation" time="0.001" /><testcase classname="tests.test_krr_client.TestRecommendationAnalysis" name="test_recommendation_filtering_on_result" time="0.001" /><testcase classname="tests.test_krr_client_coverage.TestKrrClientCoverage" name="test_verify_krr_availability_not_found" time="0.001" /><testcase classname="tests.test_krr_client_coverage.TestKrrClientCoverage" name="test_verify_krr_availability_version_error" time="0.001" /><testcase classname="tests.test_krr_client_coverage.TestKrrClientCoverage" name="test_verify_krr_availability_general_error" time="0.001" /><testcase classname="tests.test_krr_client_coverage.TestKrrClientCoverage" name="test_check_krr_version_timeout" time="0.005" /><testcase classname="tests.test_krr_client_coverage.TestKrrClientCoverage" name="test_check_krr_version_error_return_code" time="0.002" /><testcase classname="tests.test_krr_client_coverage.TestKrrClientCoverage" name="test_check_krr_version_parse_error" time="0.001" /><testcase classname="tests.test_krr_client_coverage.TestKrrClientCoverage" name="test_check_krr_version_incompatible" time="0.001" /><testcase classname="tests.test_krr_client_coverage.TestKrrClientCoverage" name="test_check_krr_version_success" time="0.001" /><testcase classname="tests.test_krr_client_coverage.TestKrrClientCoverage" name="test_check_krr_version_generic_timeout_error" time="0.001" /><testcase classname="tests.test_krr_client_coverage.TestKrrClientCoverage" name="test_check_krr_version_generic_error" time="0.001" /><testcase classname="tests.test_krr_client_coverage.TestKrrClientCoverage" name="test_is_version_compatible_edge_cases" time="0.001" /><testcase classname="tests.test_krr_client_coverage.TestKrrClientCoverage" name="test_build_krr_command_all_options" time="0.002" /><testcase classname="tests.test_krr_client_coverage.TestKrrClientCoverage" name="test_build_krr_command_minimal" time="0.001" /><testcase classname="tests.test_krr_client_coverage.TestKrrClientCoverage" name="test_execute_krr_command_timeout" time="0.002" /><testcase classname="tests.test_krr_client_coverage.TestKrrClientCoverage" name="test_execute_krr_command_prometheus_error" time="0.001" /><testcase classname="tests.test_krr_client_coverage.TestKrrClientCoverage" name="test_execute_krr_command_kubernetes_context_error" time="0.001" /><testcase classname="tests.test_krr_client_coverage.TestKrrClientCoverage" name="test_execute_krr_command_generic_error" time="0.001" /><testcase classname="tests.test_krr_client_coverage.TestKrrClientCoverage" name="test_execute_krr_command_no_output" time="0.001" /><testcase classname="tests.test_krr_client_coverage.TestKrrClientCoverage" name="test_execute_krr_command_unexpected_error" time="0.001" /><testcase classname="tests.test_krr_client_coverage.TestKrrClientCoverage" name="test_parse_krr_output_json_decode_error" time="0.001" /><testcase classname="tests.test_krr_client_coverage.TestKrrClientCoverage" name="test_parse_krr_output_general_error" time="0.001" /><testcase classname="tests.test_krr_client_coverage.TestKrrClientCoverage" name="test_parse_krr_output_success" time="0.001" /><testcase classname="tests.test_krr_client_coverage.TestKrrClientCoverage" name="test_parse_single_recommendation_full" time="0.001" /><testcase classname="tests.test_krr_client_coverage.TestKrrClientCoverage" name="test_parse_single_recommendation_minimal" time="0.001" /><testcase classname="tests.test_krr_client_coverage.TestKrrClientCoverage" name="test_generate_cache_key" time="0.001" /><testcase classname="tests.test_krr_client_coverage.TestKrrClientCoverage" name="test_generate_cache_key_none_namespace" time="0.001" /><testcase classname="tests.test_krr_client_coverage.TestKrrClientCoverage" name="test_cache_operations" time="0.001" /><testcase classname="tests.test_krr_client_coverage.TestKrrClientCoverage" name="test_cache_expiration" time="0.001" /><testcase classname="tests.test_krr_client_coverage.TestKrrClientCoverage" name="test_cleanup_expired_cache" time="0.001" /><testcase classname="tests.test_krr_client_coverage.TestKrrClientCoverage" name="test_generate_mock_scan_result" time="0.001" /><testcase classname="tests.test_krr_client_coverage.TestKrrClientCoverage" name="test_generate_mock_scan_result_all_namespaces" time="0.001" /><testcase classname="tests.test_krr_client_coverage.TestKrrClientCoverage" name="test_scan_recommendations_verification_on_first_use" time="0.001" /><testcase classname="tests.test_krr_client_coverage.TestKrrClientCoverage" name="test_scan_recommendations_cache_hit" time="0.001" /><testcase classname="tests.test_krr_client_coverage.TestKrrClientCoverage" name="test_scan_recommendations_execution_error_handling" time="0.001" /><testcase classname="tests.test_krr_client_coverage.TestKrrClientCoverage" name="test_filter_recommendations" time="0.001" /><testcase classname="tests.test_krr_integration.TestKrrClient" name="test_client_initialization" time="0.000" /><testcase classname="tests.test_krr_integration.TestKrrClient" name="test_mock_scan_recommendations" time="0.001" /><testcase classname="tests.test_krr_integration.TestKrrClient" name="test_recommendation_filtering" time="0.001" /><testcase classname="tests.test_krr_integration.TestKrrClient" name="test_cache_key_generation" time="0.000" /><testcase classname="tests.test_krr_integration.TestKrrClient" name="test_cache_management" time="0.000" /><testcase classname="tests.test_krr_integration.TestKrrModels" name="test_krr_recommendation_impact_calculation" time="0.000" /><testcase classname="tests.test_krr_integration.TestKrrModels" name="test_cpu_parsing" time="0.000" /><testcase classname="tests.test_krr_integration.TestKrrModels" name="test_memory_parsing" time="0.000" /><testcase classname="tests.test_kubectl_executor.TestKubectlExecutorInitialization" name="test_initialization_defaults" time="0.000" /><testcase classname="tests.test_kubectl_executor.TestKubectlExecutorInitialization" name="test_initialization_with_parameters" time="0.000" /><testcase classname="tests.test_kubectl_executor.TestKubectlExecutorInitialization" name="test_kubectl_availability_verification_mock_mode" time="0.101" /><testcase classname="tests.test_kubectl_executor.TestKubectlExecutorInitialization" name="test_kubectl_not_found_error" time="0.001" /><testcase classname="tests.test_kubectl_executor.TestKubectlExecutorInitialization" name="test_cluster_access_verification" time="0.001" /><testcase classname="tests.test_kubectl_executor.TestKubectlExecutorInitialization" name="test_cluster_access_failure" time="0.001" /><testcase classname="tests.test_kubectl_executor.TestTransactionCreation" name="test_create_transaction_single_change" time="0.001" /><testcase classname="tests.test_kubectl_executor.TestTransactionCreation" name="test_create_transaction_multiple_changes" time="0.001" /><testcase classname="tests.test_kubectl_executor.TestTransactionCreation" name="test_create_transaction_with_confirmation_required" time="0.001" /><testcase classname="tests.test_kubectl_executor.TestKubectlCommandGeneration" name="test_generate_kubectl_command_deployment" time="0.001" /><testcase classname="tests.test_kubectl_executor.TestKubectlCommandGeneration" name="test_generate_kubectl_command_with_context" time="0.001" /><testcase classname="tests.test_kubectl_executor.TestKubectlCommandGeneration" name="test_generate_kubectl_command_resource_patch" time="0.001" /><testcase classname="tests.test_kubectl_executor.TestTransactionExecution" name="test_execute_transaction_single_mode" time="0.103" /><testcase classname="tests.test_kubectl_executor.TestTransactionExecution" name="test_execute_transaction_batch_mode" time="0.102" /><testcase classname="tests.test_kubectl_executor.TestTransactionExecution" name="test_execute_transaction_dry_run" time="0.103" /><testcase classname="tests.test_kubectl_executor.TestSingleCommandExecution" name="test_execute_single_command_mock_mode" time="0.103" /><testcase classname="tests.test_kubectl_executor.TestSingleCommandExecution" name="test_execute_single_command_timeout" time="0.105" /><testcase classname="tests.test_kubectl_executor.TestSingleCommandExecution" name="test_execute_mock_command" time="0.103" /><testcase classname="tests.test_kubectl_executor.TestRollbackFunctionality" name="test_create_rollback_snapshot" time="0.002" /><testcase classname="tests.test_kubectl_executor.TestRollbackFunctionality" name="test_get_current_manifest" time="0.002" /><testcase classname="tests.test_kubectl_executor.TestRollbackFunctionality" name="test_get_current_manifest_not_found" time="0.002" /><testcase classname="tests.test_kubectl_executor.TestErrorHandling" name="test_kubectl_not_found_handling" time="0.002" /><testcase classname="tests.test_kubectl_executor.TestErrorHandling" name="test_context_error_handling" time="0.002" /><testcase classname="tests.test_kubectl_executor.TestErrorHandling" name="test_execution_error_handling" time="0.103" /><testcase classname="tests.test_kubectl_executor.TestErrorHandling" name="test_permission_error_handling" time="0.106" /><testcase classname="tests.test_kubectl_executor.TestConfigurationHandling" name="test_kubeconfig_path_handling" time="0.001" /><testcase classname="tests.test_kubectl_executor.TestConfigurationHandling" name="test_kubernetes_context_handling" time="0.001" /><testcase classname="tests.test_kubectl_executor.TestConfigurationHandling" name="test_timeout_configuration" time="0.001" /><testcase classname="tests.test_kubectl_executor.TestConfigurationHandling" name="test_mock_mode_configuration" time="0.001" /><testcase classname="tests.test_kubectl_executor.TestTransactionReporting" name="test_execution_report_generation" time="0.105" /><testcase classname="tests.test_kubectl_executor.TestTransactionReporting" name="test_execution_report_with_rollback" time="0.106" /><testcase classname="tests.test_mcp_tools.TestMCPTools" name="test_scan_recommendations_tool" time="0.227" /><testcase classname="tests.test_mcp_tools.TestMCPTools" name="test_safety_validator_functionality" time="0.223" /><testcase classname="tests.test_mcp_tools.TestMCPTools" name="test_confirmation_manager_functionality" time="0.223" /><testcase classname="tests.test_mcp_tools.TestMCPTools" name="test_kubectl_executor_functionality" time="0.223" /><testcase classname="tests.test_mcp_tools.TestMCPTools" name="test_server_components_integration" time="0.215" /><testcase classname="tests.test_mcp_tools.TestMCPTools" name="test_token_validation_logic" time="0.217" /><testcase classname="tests.test_mcp_tools.TestMCPTools" name="test_rollback_snapshot_functionality" time="0.220" /><testcase classname="tests.test_mcp_tools.TestMCPTools" name="test_server_initialization" time="0.080" /><testcase classname="tests.test_performance.TestBasicPerformance" name="test_data_processing_performance" time="0.121" /><testcase classname="tests.test_performance.TestBasicPerformance" name="test_concurrent_operations_performance" time="0.013" /><testcase classname="tests.test_performance.TestBasicPerformance" name="test_json_serialization_performance" time="0.010" /><testcase classname="tests.test_performance.TestLoadPerformance" name="test_large_cluster_simulation" time="0.114" /><testcase classname="tests.test_performance.TestLoadPerformance" name="test_concurrent_request_handling" time="0.015" /><testcase classname="tests.test_performance.TestLoadPerformance" name="test_memory_usage_optimization" time="0.019" /><testcase classname="tests.test_performance.TestLoadPerformance" name="test_caching_performance" time="0.016" /><testcase classname="tests.test_performance.TestLoadPerformance" name="test_memory_efficiency" time="0.046" /><testcase classname="tests.test_performance.TestPerformanceRegression" name="test_quick_scan_baseline" time="0.013" /><testcase classname="tests.test_performance.TestPerformanceRegression" name="test_medium_preview_baseline" time="0.124" /><testcase classname="tests.test_performance" name="test_performance_cleanup" time="0.004" /><testcase classname="tests.test_post_execution_validation.TestPostExecutionValidator" name="test_validation_report_creation" time="0.003" /><testcase classname="tests.test_post_execution_validation.TestPostExecutionValidator" name="test_mock_validation_transaction" time="0.003" /><testcase classname="tests.test_post_execution_validation.TestPostExecutionValidator" name="test_validation_with_no_successful_commands" time="0.002" /><testcase classname="tests.test_post_execution_validation.TestPostExecutionValidator" name="test_validation_result_serialization" time="0.001" /><testcase classname="tests.test_post_execution_validation.TestPostExecutionValidator" name="test_validation_report_serialization" time="0.002" /><testcase classname="tests.test_post_execution_validation.TestPostExecutionValidator" name="test_change_mapping_creation" time="0.001" /><testcase classname="tests.test_post_execution_validation.TestPostExecutionValidator" name="test_resource_request_verification_logic" time="0.001" /><testcase classname="tests.test_post_execution_validation.TestPostExecutionValidator" name="test_deployment_health_check_logic" time="0.001" /><testcase classname="tests.test_post_execution_validation.TestPostExecutionValidator" name="test_pod_readiness_check_logic" time="0.001" /><testcase classname="tests.test_post_execution_validation.TestPostExecutionValidator" name="test_pod_stability_check_logic" time="0.001" /><testcase classname="tests.test_post_execution_validation.TestKubectlExecutorValidation" name="test_executor_validation_integration" time="0.105" /><testcase classname="tests.test_post_execution_validation.TestKubectlExecutorValidation" name="test_executor_validation_disabled" time="0.106" /><testcase classname="tests.test_post_execution_validation.TestKubectlExecutorValidation" name="test_validation_with_failed_transaction" time="0.109" /><testcase classname="tests.test_safety_confirmation_manager.TestConfirmationManager" name="test_manager_initialization" time="0.002" /><testcase classname="tests.test_safety_confirmation_manager.TestConfirmationManager" name="test_manager_custom_timeout" time="0.002" /><testcase classname="tests.test_safety_confirmation_manager.TestConfirmationManager" name="test_request_confirmation_simple" time="0.004" /><testcase classname="tests.test_safety_confirmation_manager.TestConfirmationManager" name="test_request_confirmation_with_user_context" time="0.002" /><testcase classname="tests.test_safety_confirmation_manager.TestConfirmationManager" name="test_request_confirmation_custom_timeout" time="0.002" /><testcase classname="tests.test_safety_confirmation_manager.TestConfirmationManager" name="test_validate_confirmation_token_valid" time="0.001" /><testcase classname="tests.test_safety_confirmation_manager.TestConfirmationManager" name="test_validate_confirmation_token_not_found" time="0.001" /><testcase classname="tests.test_safety_confirmation_manager.TestConfirmationManager" name="test_validate_confirmation_token_expired" time="0.001" /><testcase classname="tests.test_safety_confirmation_manager.TestConfirmationManager" name="test_validate_confirmation_token_already_used" time="0.001" /><testcase classname="tests.test_safety_confirmation_manager.TestConfirmationManager" name="test_consume_confirmation_token_valid" time="0.001" /><testcase classname="tests.test_safety_confirmation_manager.TestConfirmationManager" name="test_consume_confirmation_token_invalid" time="0.001" /><testcase classname="tests.test_safety_confirmation_manager.TestConfirmationManager" name="test_create_rollback_snapshot" time="0.001" /><testcase classname="tests.test_safety_confirmation_manager.TestConfirmationManager" name="test_get_rollback_snapshot_valid" time="0.001" /><testcase classname="tests.test_safety_confirmation_manager.TestConfirmationManager" name="test_get_rollback_snapshot_not_found" time="0.001" /><testcase classname="tests.test_safety_confirmation_manager.TestConfirmationManager" name="test_get_rollback_snapshot_expired" time="0.001" /><testcase classname="tests.test_safety_confirmation_manager.TestConfirmationManager" name="test_log_operation_result" time="0.001" /><testcase classname="tests.test_safety_confirmation_manager.TestConfirmationManager" name="test_log_operation_result_with_error" time="0.001" /><testcase classname="tests.test_safety_confirmation_manager.TestConfirmationManager" name="test_get_audit_history_default" time="0.001" /><testcase classname="tests.test_safety_confirmation_manager.TestConfirmationManager" name="test_get_audit_history_with_filters" time="0.001" /><testcase classname="tests.test_safety_confirmation_manager.TestConfirmationManager" name="test_get_audit_history_with_limit" time="0.001" /><testcase classname="tests.test_safety_confirmation_manager.TestConfirmationManager" name="test_cleanup_expired_tokens" time="0.001" /><testcase classname="tests.test_safety_confirmation_manager.TestConfirmationManager" name="test_cleanup_expired_snapshots" time="0.001" /><testcase classname="tests.test_safety_confirmation_manager.TestConfirmationManager" name="test_generate_confirmation_prompt" time="0.000" /><testcase classname="tests.test_safety_confirmation_manager.TestConfirmationManager" name="test_generate_changes_summary" time="0.001" /><testcase classname="tests.test_safety_models.TestResourceChange" name="test_resource_change_creation" time="0.000" /><testcase classname="tests.test_safety_models.TestResourceChange" name="test_cpu_parsing_millicores" time="0.001" /><testcase classname="tests.test_safety_models.TestResourceChange" name="test_cpu_parsing_cores" time="0.000" /><testcase classname="tests.test_safety_models.TestResourceChange" name="test_memory_parsing" time="0.000" /><testcase classname="tests.test_safety_models.TestResourceChange" name="test_impact_calculation" time="0.000" /><testcase classname="tests.test_safety_models.TestSafetyWarning" name="test_safety_warning_creation" time="0.000" /><testcase classname="tests.test_safety_models.TestSafetyAssessment" name="test_safety_assessment_creation" time="0.000" /><testcase classname="tests.test_safety_models.TestConfirmationToken" name="test_confirmation_token_creation" time="0.000" /><testcase classname="tests.test_safety_models.TestConfirmationToken" name="test_token_expiration_default" time="0.000" /><testcase classname="tests.test_safety_models.TestConfirmationToken" name="test_token_validation" time="0.000" /><testcase classname="tests.test_safety_models.TestConfirmationToken" name="test_expired_token" time="0.000" /><testcase classname="tests.test_safety_models.TestAuditLogEntry" name="test_audit_log_creation" time="0.000" /><testcase classname="tests.test_safety_models.TestAuditLogEntry" name="test_audit_log_with_error" time="0.000" /><testcase classname="tests.test_safety_models.TestRollbackSnapshot" name="test_rollback_snapshot_creation" time="0.000" /><testcase classname="tests.test_safety_models.TestRollbackSnapshot" name="test_rollback_snapshot_expiration" time="0.000" /><testcase classname="tests.test_safety_models.TestRollbackSnapshot" name="test_rollback_snapshot_default_expiration" time="0.000" /><testcase classname="tests.test_safety_validator.TestSafetyConfig" name="test_default_configuration" time="0.000" /><testcase classname="tests.test_safety_validator.TestSafetyValidator" name="test_validator_initialization" time="0.000" /><testcase classname="tests.test_safety_validator.TestSafetyValidator" name="test_validator_with_custom_config" time="0.000" /><testcase classname="tests.test_safety_validator.TestSafetyValidator" name="test_validate_empty_changes" time="0.000" /><testcase classname="tests.test_safety_validator.TestSafetyValidator" name="test_validate_safe_changes" time="0.000" /><testcase classname="tests.test_safety_validator.TestSafetyValidator" name="test_validate_high_cpu_increase" time="0.000" /><testcase classname="tests.test_safety_validator.TestSafetyValidator" name="test_validate_high_memory_increase" time="0.000" /><testcase classname="tests.test_safety_validator.TestSafetyValidator" name="test_validate_critical_workload" time="0.000" /><testcase classname="tests.test_safety_validator.TestSafetyValidator" name="test_validate_production_namespace" time="0.000" /><testcase classname="tests.test_safety_validator.TestSafetyValidator" name="test_validate_extreme_cpu_increase" time="0.000" /><testcase classname="tests.test_safety_validator.TestSafetyValidator" name="test_validate_extreme_decrease" time="0.001" /><testcase classname="tests.test_safety_validator.TestSafetyValidator" name="test_validate_many_simultaneous_changes" time="0.002" /><testcase classname="tests.test_safety_validator.TestSafetyValidator" name="test_validate_multiple_production_namespaces" time="0.001" /><testcase classname="tests.test_safety_validator.TestSafetyValidator" name="test_gradual_rollout_requirements" time="0.000" /><testcase classname="tests.test_safety_validator.TestSafetyValidator" name="test_monitoring_requirements" time="0.000" /><testcase classname="tests.test_safety_validator.TestSafetyValidator" name="test_backup_requirements" time="0.000" /><testcase classname="tests.test_safety_validator.TestSafetyValidator" name="test_high_impact_change_detection" time="0.000" /><testcase classname="tests.test_safety_validator.TestSafetyValidator" name="test_critical_workload_patterns" time="0.001" /><testcase classname="tests.test_safety_validator.TestSafetyValidator" name="test_production_namespace_patterns" time="0.001" /><testcase classname="tests.test_server.TestServerConfig" name="test_default_configuration" time="0.000" /><testcase classname="tests.test_server.TestServerConfig" name="test_environment_variable_override" time="0.001" /><testcase classname="tests.test_server.TestKrrMCPServer" name="test_server_initialization" time="0.061" /><testcase classname="tests.test_server.TestKrrMCPServer" name="test_server_start_stop" time="0.013" /><testcase classname="tests.test_server.TestKrrMCPServer" name="test_server_double_start_prevention" time="0.012" /><testcase classname="tests.test_server.TestKrrMCPServer" name="test_configuration_validation" time="0.011" /><testcase classname="tests.test_server.TestMCPTools" name="test_tools_are_registered" time="0.112" /><testcase classname="tests.test_server.TestMCPTools" name="test_component_initialization" time="0.117" /><testcase classname="tests.test_server.TestMCPTools" name="test_server_components_mock_mode" time="0.120" /><testcase classname="tests.test_server.TestSafetyIntegration" name="test_confirmation_manager_initialization" time="0.116" /><testcase classname="tests.test_server.TestSafetyIntegration" name="test_safety_configuration" time="0.013" /><testcase classname="tests.test_server.TestSafetyIntegration" name="test_audit_logging_setup" time="0.113" /><testcase classname="tests.test_server.TestErrorHandling" name="test_component_initialization_error_handling" time="0.115" /><testcase classname="tests.test_server.TestErrorHandling" name="test_mock_mode_error_handling" time="0.115" /><testcase classname="tests.test_server.TestErrorHandling" name="test_configuration_validation" time="0.119" /><testcase classname="tests.test_server.TestAuditTrail" name="test_server_initialization_logging" time="0.124" /><testcase classname="tests.test_server.TestAuditTrail" name="test_component_logging" time="0.122" /><testcase classname="tests.test_server_coverage_direct.TestServerDirectCoverage" name="test_server_validation_configuration" time="0.114" /><testcase classname="tests.test_server_coverage_direct.TestServerDirectCoverage" name="test_server_start_stop_lifecycle" time="0.112" /><testcase classname="tests.test_server_coverage_direct.TestServerDirectCoverage" name="test_server_initialization_components" time="0.115" /><testcase classname="tests.test_server_coverage_direct.TestServerDirectCoverage" name="test_server_logger_functionality" time="0.115" /><testcase classname="tests.test_server_coverage_direct.TestServerDirectCoverage" name="test_server_krr_client_integration" time="0.115" /><testcase classname="tests.test_server_coverage_direct.TestServerDirectCoverage" name="test_server_krr_client_error_handling" time="0.126" /><testcase classname="tests.test_server_coverage_direct.TestServerDirectCoverage" name="test_server_confirmation_manager_integration" time="0.128" /><testcase classname="tests.test_server_coverage_direct.TestServerDirectCoverage" name="test_server_confirmation_token_validation" time="0.121" /><testcase classname="tests.test_server_coverage_direct.TestServerDirectCoverage" name="test_server_kubectl_executor_integration" time="0.123" /><testcase classname="tests.test_server_coverage_direct.TestServerDirectCoverage" name="test_server_kubectl_executor_execution" time="0.127" /><testcase classname="tests.test_server_coverage_direct.TestServerDirectCoverage" name="test_server_configuration_settings" time="0.126" /><testcase classname="tests.test_server_coverage_direct.TestServerDirectCoverage" name="test_server_error_handling" time="0.117" /><testcase classname="tests.test_server_coverage_direct.TestServerDirectCoverage" name="test_server_logging_integration" time="0.121" /><testcase classname="tests.test_server_coverage_direct.TestServerDirectCoverage" name="test_server_component_interaction" time="0.126" /><testcase classname="tests.test_server_coverage_direct.TestServerDirectCoverage" name="test_server_mcp_integration" time="0.124" /><testcase classname="tests.test_server_coverage_direct.TestServerDirectCoverage" name="test_server_documentation_generation" time="0.133" /><testcase classname="tests.test_server_coverage_direct.TestServerDirectCoverage" name="test_server_versioning_integration" time="0.116" /><testcase classname="tests.test_server_coverage_direct.TestServerDirectCoverage" name="test_server_initialization_error_handling" time="0.019" /><testcase classname="tests.test_server_coverage_direct.TestServerDirectCoverage" name="test_server_multiple_operations" time="0.117" /><testcase classname="tests.test_server_mcp_tools.TestScanRecommendationsTool" name="test_scan_recommendations_basic" time="0.123" /><testcase classname="tests.test_server_mcp_tools.TestScanRecommendationsTool" name="test_scan_recommendations_with_filters" time="0.125" /><testcase classname="tests.test_server_mcp_tools.TestScanRecommendationsTool" name="test_scan_recommendations_error_handling" time="0.120" /><testcase classname="tests.test_server_mcp_tools.TestPreviewChangesTool" name="test_preview_changes_basic" time="0.126" /><testcase classname="tests.test_server_mcp_tools.TestPreviewChangesTool" name="test_preview_changes_high_risk" time="0.121" /><testcase classname="tests.test_server_mcp_tools.TestRequestConfirmationTool" name="test_request_confirmation_basic" time="0.114" /><testcase classname="tests.test_server_mcp_tools.TestRequestConfirmationTool" name="test_request_confirmation_validation" time="0.115" /><testcase classname="tests.test_server_mcp_tools.TestApplyRecommendationsTool" name="test_apply_recommendations_basic" time="0.117" /><testcase classname="tests.test_server_mcp_tools.TestApplyRecommendationsTool" name="test_apply_recommendations_with_confirmation" time="0.113" /><testcase classname="tests.test_server_mcp_tools.TestRollbackChangesTool" name="test_rollback_changes_basic" time="0.115" /><testcase classname="tests.test_server_mcp_tools.TestRollbackChangesTool" name="test_rollback_changes_with_snapshot" time="0.119" /><testcase classname="tests.test_server_mcp_tools.TestAnalyzeSafetyTool" name="test_analyze_safety_basic" time="0.126" /><testcase classname="tests.test_server_mcp_tools.TestAnalyzeSafetyTool" name="test_analyze_safety_production_namespace" time="0.129" /><testcase classname="tests.test_server_mcp_tools.TestQueryAuditLogsTool" name="test_query_audit_logs_basic" time="0.123" /><testcase classname="tests.test_server_mcp_tools.TestQueryAuditLogsTool" name="test_query_audit_logs_with_filters" time="0.121" /><testcase classname="tests.test_server_mcp_tools.TestGenerateDocumentationTool" name="test_generate_documentation_basic" time="0.129" /><testcase classname="tests.test_server_mcp_tools.TestGetVersionInfoTool" name="test_get_version_info_basic" time="0.116" /><testcase classname="tests.test_server_mcp_tools.TestServerComponentIntegration" name="test_all_components_initialized" time="0.114" /><testcase classname="tests.test_server_mcp_tools.TestServerComponentIntegration" name="test_component_configuration" time="0.115" /><testcase classname="tests.test_server_mcp_tools.TestServerComponentIntegration" name="test_server_lifecycle" time="0.112" /><testcase classname="tests.test_staged_rollout.TestStagedRollout" name="test_staged_rollout_execution" time="0.621" /><testcase classname="tests.test_staged_rollout.TestStagedRollout" name="test_namespace_grouping" time="0.002" /><testcase classname="tests.test_staged_rollout.TestStagedRollout" name="test_criticality_sorting" time="0.002" /><testcase classname="tests.test_staged_rollout.TestStagedRollout" name="test_canary_delay_calculation" time="0.001" /><testcase classname="tests.test_staged_rollout.TestStagedRollout" name="test_staged_rollout_with_failure" time="0.103" /><testcase classname="tests.test_staged_rollout.TestStagedRollout" name="test_staged_rollout_progress_tracking" time="0.621" /><testcase classname="tests.test_staged_rollout.TestStagedRollout" name="test_staged_mode_vs_other_modes" time="1.130" /><testcase classname="tests.test_tool_versioning.TestToolVersion" name="test_tool_version_creation" time="0.001" /><testcase classname="tests.test_tool_versioning.TestToolVersion" name="test_tool_version_with_deprecation" time="0.001" /><testcase classname="tests.test_tool_versioning.TestToolVersionRegistry" name="test_register_version" time="0.001" /><testcase classname="tests.test_tool_versioning.TestToolVersionRegistry" name="test_register_multiple_versions" time="0.001" /><testcase classname="tests.test_tool_versioning.TestToolVersionRegistry" name="test_deprecate_version" time="0.001" /><testcase classname="tests.test_tool_versioning.TestToolVersionRegistry" name="test_get_version_info" time="0.001" /><testcase classname="tests.test_tool_versioning.TestToolVersionRegistry" name="test_get_current_version" time="0.001" /><testcase classname="tests.test_tool_versioning.TestToolVersionRegistry" name="test_get_supported_versions" time="0.001" /><testcase classname="tests.test_tool_versioning.TestToolVersionRegistry" name="test_is_version_supported" time="0.001" /><testcase classname="tests.test_tool_versioning.TestToolVersionRegistry" name="test_get_deprecation_info" time="0.001" /><testcase classname="tests.test_tool_versioning.TestToolVersionRegistry" name="test_get_all_tools_info" time="0.001" /><testcase classname="tests.test_tool_versioning.TestVersionedToolDecorator" name="test_versioned_tool_decoration" time="0.001" /><testcase classname="tests.test_tool_versioning.TestVersionedToolDecorator" name="test_versioned_tool_execution" time="0.001" /><testcase classname="tests.test_tool_versioning.TestVersionedToolDecorator" name="test_versioned_tool_with_requested_version" time="0.001" /><testcase classname="tests.test_tool_versioning.TestVersionedToolDecorator" name="test_versioned_tool_unsupported_version" time="0.001" /><testcase classname="tests.test_tool_versioning.TestVersionedToolDecorator" name="test_versioned_tool_deprecated_version" time="0.001" /><testcase classname="tests.test_tool_versioning.TestVersionCompatibilityFunctions" name="test_check_version_compatibility" time="0.001" /><testcase classname="tests.test_tool_versioning.TestVersionCompatibilityFunctions" name="test_get_version_migration_guide" time="0.000" /><testcase classname="tests.test_tool_versioning.TestInitializedVersions" name="test_default_versions_exist" time="0.000" /><testcase classname="tests.test_tool_versioning.TestInitializedVersions" name="test_version_details" time="0.003" /></testsuite></testsuites>
